// Jest Snapshot v1, https://goo.gl/fbAQLP

exports[`Button Rendering should match to snapshot: Item snapshot 1`] = `ShallowWrapper {}`;
